<p>
 This is file contains a image.
</p>



<p>
 <img alt="Image alt title" src="path/to/image.png"/>
</p>



<p>
 <a class="reference external" href="https://example.com/link.png">
  <img alt="Image with link" src="path/to/link.png"/>
 </a>
</p>



<img alt="path/to/image" src="{filename}/path/to/image.png"/>
