<p>
 This is some valid content that should pass. If it does not pass we will know something is wrong.
</p>