<p>
 This is some valid content that should pass. If it does not pass we will know something is wrong.
</p>



<p>
 Our fictitious internal files are available
 <a class="reference external" href="{filename}/path/to/file">
  here
 </a>
 :
</p>



<p>
 Our fictitious static files are available
 <a class="reference external" href="{static}/path/to/file">
  here
 </a>
 :
</p>



<p>
 Our fictitious attachments are available
 <a class="reference external" href="{attach}path/to/file">
  here
 </a>
 :
</p>
