<p>This is file contains</p>
<p>a comment which may or may not be stripped.</p>
