<p>This is file contains</p>
<!-- standalone comment -->
<p>a comment which may or may not be stripped.</p>
